// Jest Snapshot v1, https://goo.gl/fbAQLP

exports[`get category actions adds new articles to the category reducer 1`] = `
Array [
  Object {
    "payload": Object {
      "Articles": undefined,
      "category": "technology",
    },
    "type": "UPDATE_CATEGORY_ARTICLES",
  },
]
`;
