// Jest Snapshot v1, https://goo.gl/fbAQLP

exports[`testing redux actions Should error as expected 1`] = `
Array [
  Object {
    "type": "FOLLOW_USER_START",
  },
  Object {
    "error": Object {
      "error": "Authorization error",
      "status": 401,
    },
    "type": "FOLLOW_USER_FAILURE",
  },
]
`;

exports[`testing redux actions Should follow a user successfully 1`] = `
Array [
  Object {
    "type": "FOLLOW_USER_START",
  },
  Object {
    "error": Object {
      "error": "Authorization error",
      "status": 401,
    },
    "type": "FOLLOW_USER_FAILURE",
  },
]
`;
