// Jest Snapshot v1, https://goo.gl/fbAQLP

exports[`handle modal pop up for signin and signup should open signup modal 1`] = `[MockFunction]`;
