// Jest Snapshot v1, https://goo.gl/fbAQLP

exports[`test social media sign in should click the google signin button 1`] = `
<Modal
  close={[Function]}
  data-test="signup-form"
  open={true}
>
  <div
    className="form"
  >
    <h3
      className="form-header"
    >
      Sign in
    </h3>
    <p
      className="form-text"
    >
      Sign in to experience authorâ€™s haven great community of creative minds. Follow your favourite authors and interact with the articles you love
    </p>
    <form
      data-test="signin-form"
      style={
        Object {
          "display": "flex",
          "flexDirection": "column",
          "justifyContent": "center",
        }
      }
    >
      <Input
        error=""
        handleChange={[Function]}
        handleToggle={null}
        id="email"
        label="Email"
        name="email"
        placeholder="john.doe@foo.bar"
        style={Object {}}
        togglable={false}
        type="email"
        value=""
        visible={false}
      />
      <Input
        error=""
        handleChange={[Function]}
        handleToggle={[Function]}
        id="password"
        label="Password"
        name="password"
        placeholder="**********"
        style={Object {}}
        togglable={true}
        type="password"
        value=""
        visible={false}
      />
      <Button
        className=""
        datatest="loginButton"
        disabled={false}
        handleClick={[Function]}
        id="signin"
        label="Sign in"
        style={
          Object {
            "backgroundColor": "#000",
            "borderRadius": "0",
            "color": "#ffc700",
            "height": "45px",
            "marginLeft": "5%",
            "width": "90%",
          }
        }
        type="submit"
      />
    </form>
    <div
      className="alternative-login"
    >
      <p>
        Or create an account Using:
      </p>
      <div
        className="social-login"
      >
        <span
          id="google"
          name="google"
          onClick={[Function]}
        >
          <i
            className="fab fa-google fa-lg"
            name="google"
            onClick={[Function]}
            style={
              Object {
                "color": "red",
              }
            }
          />
          Google
        </span>
        <span
          id="facebook"
          name="facebook"
          onClick={[Function]}
        >
          <i
            className="fab fa-facebook fa-lg"
            name="facebook"
            onClick={[Function]}
            style={
              Object {
                "color": "blue",
              }
            }
          />
          Facebook
        </span>
      </div>
    </div>
    <div
      className="switch-context"
    >
      <div>
        No account?
         
        <p
          id="sc-sn"
          onClick={[Function]}
        >
          Sign up
        </p>
      </div>
    </div>
    <div
      className="forgot-password"
    >
      <p
        className="fg-ps"
        onClick={[Function]}
      >
        Forgot password?
      </p>
    </div>
  </div>
</Modal>
`;
